---
source: eksnode/src/commands/pull.rs
expression: imgs
---
[
    "151742754352.dkr.ecr-fips.us-gov-east-1.amazonaws.com/eks/pause:3.8",
    "151742754352.dkr.ecr-fips.us-gov-east-1.amazonaws.com/eks/kube-proxy:v1.24.7-eksbuild.2",
    "151742754352.dkr.ecr-fips.us-gov-east-1.amazonaws.com/eks/kube-proxy:v1.24.17-eksbuild.2",
    "151742754352.dkr.ecr-fips.us-gov-east-1.amazonaws.com/eks/kube-proxy:v1.24.7-minimal-eksbuild.2",
    "151742754352.dkr.ecr-fips.us-gov-east-1.amazonaws.com/eks/kube-proxy:v1.24.17-minimal-eksbuild.2",
    "151742754352.dkr.ecr-fips.us-gov-east-1.amazonaws.com/amazon-k8s-cni:v1.11.4-eksbuild.1",
    "151742754352.dkr.ecr-fips.us-gov-east-1.amazonaws.com/amazon-k8s-cni-init:v1.11.4-eksbuild.1",
    "151742754352.dkr.ecr-fips.us-gov-east-1.amazonaws.com/amazon-k8s-cni:v1.15.1-eksbuild.1",
    "151742754352.dkr.ecr-fips.us-gov-east-1.amazonaws.com/amazon-k8s-cni-init:v1.15.1-eksbuild.1",
]
