---
source: eksnode/src/kubelet/args.rs
expression: buf
---
""
